// Jest Snapshot v1, https://goo.gl/fbAQLP

exports[`addCocoaPodsImport adds import 1`] = `
"
platform :ios, '12.1'

require 'json'
podfile_properties = JSON.parse(File.read('./Podfile.properties.json')) rescue {}

target 'yolo68' do
  use_expo_modules!
# @generated begin ffmpeg-kit-react-native-import - expo prebuild (DO NOT MODIFY) sync-a79a962553e9fe0961383adf881bd0dada86e29b
  pod 'ffmpeg-kit-react-native', :subspecs => podfile_properties['ffmpeg-kit-react-native.subspecs'] || [], :podspec => File.join(File.dirname(\`node --print "require.resolve('ffmpeg-kit-react-native/package.json')"\`), "ffmpeg-kit-react-native.podspec")
# @generated end ffmpeg-kit-react-native-import
  config = use_native_modules!

  use_react_native!(
    :path => config[:reactNativePath],
    :hermes_enabled => podfile_properties['expo.jsEngine'] == 'hermes'
  )

  post_install do |installer|
    react_native_post_install(installer)

    installer.pods_project.targets.each do |target|
      if (target.name&.eql?('FBReactNativeSpec'))
        target.build_phases.each do |build_phase|
          if (build_phase.respond_to?(:name) && build_phase.name.eql?('[CP-User] Generate Specs'))
            target.build_phases.move(build_phase, 0)
          end
        end
      end
    end
  end
end
"
`;
